// Jest Snapshot v1, https://goo.gl/fbAQLP

exports[`AuthInput create snapshot AuthInput 1`] = `
<View
  style={
    Object {
      "flex": 1,
    }
  }
>
  <SectionList
    data={Array []}
    disableVirtualization={false}
    horizontal={false}
    initialNumToRender={10}
    keyExtractor={[Function]}
    maxToRenderPerBatch={10}
    onEndReachedThreshold={2}
    renderItem={[Function]}
    renderSectionHeader={[Function]}
    scrollEventThrottle={50}
    sections={Array []}
    stickySectionHeadersEnabled={true}
    updateCellsBatchingPeriod={50}
    windowSize={21}
  />
</View>
`;
